<h2>Main Heading</h2>
<p>This is a paragraph with <strong>bold</strong> and <em>italic</em> text.</p>
<h3>Subheading</h3>
<p>Here's a <a href="https://example.com" target="_blank" rel="noopener noreferrer">link</a> and an autolink: <a href="https://example.com" target="_blank" rel="noopener noreferrer">https://example.com</a></p>
<ul>
<li>List item 1</li>
<li>List item 2
<ul>
<li>Nested item</li>
</ul>
</li>
</ul>
<p>An image: <img class="lazyload mx-auto d-block img standalone-img" data-src="https://example.com/image.jpg" alt="alt text"></p>
<p>Here's some inline code: code example</p>
<p>User handle: <a href="/user" class="user-handle">@john_doe</a></p>
<blockquote>
<p>A blockquote with some text</p>
</blockquote>
