EmailType: confirm_signup
UniqueID: attempt-1
From: Your pcom <noreply@pcom.test>
To: user@example.test
Subject: Welcome to pcom

--- TEXT ---

	Hi!

	Thank you for your interest in pcom! Your confirmation code is 123456

	Type it on the signup page to confirm your email address and log in. It works once, for the next 15 minutes.

--- HTML ---

	<p>Hi!</p>

	<p>Thank you for your interest in pcom! Your confirmation code is <strong>123456</strong></p>

	<p>Type it on the signup page to confirm your email address and log in. It works once, for the next 15 minutes.</p>
