EmailType: post_notification
UniqueID: post-1user-2
From: Your pcom <noreply@pcom.test>
To: connection@example.test
Subject: New post "No Subject" from alice

--- TEXT ---
Hi!

@alice has published a new post "No Subject"

Head to the post to leave a comment! https://pcom.test/posts/post-1

--- HTML ---

<p>Hi!</p>

<p>@alice has published a new post "No Subject"</p>

<blockquote><p>This is a test post body</p>
</blockquote>

<p>Head to the post to leave a comment! <a href="https://pcom.test/posts/post-1">https://pcom.test/posts/post-1</a></p>
