EmailType: post_notification
UniqueID: post-1user-2
From: Your pcom <noreply@pcom.test>
To: connection@example.test
Subject: New post "A very long subject that goes on and on and on to see how the mail copes with a title that no one would reasonably write but someone surely will" from alice

--- TEXT ---
Hi!

@alice has published a new post "A very long subject that goes on and on and on to see how the mail copes with a title that no one would reasonably write but someone surely will"

Head to the post to leave a comment! https://pcom.test/posts/post-1

--- HTML ---

<p>Hi!</p>

<p>@alice has published a new post "A very long subject that goes on and on and on to see how the mail copes with a title that no one would reasonably write but someone surely will"</p>

<blockquote><p>This is a test post body</p>
</blockquote>

<p>Head to the post to leave a comment! <a href="https://pcom.test/posts/post-1">https://pcom.test/posts/post-1</a></p>
