EmailType: post_notification
UniqueID: post-1user-2
From: Your pcom <noreply@pcom.test>
To: connection@example.test
Subject: New post "Test <b>bold</b> and "quotes"" from alice

--- TEXT ---
Hi!

@alice has published a new post "Test <b>bold</b> and "quotes""

Head to the post to leave a comment! /posts/post-1

--- HTML ---

	<p>Hi!</p>

	<p>@alice has published a new post "Test &lt;b&gt;bold&lt;/b&gt; and &#34;quotes&#34;"</p>

	<blockquote><p>This is a test post body</p>
</blockquote>

	<p>Head to the post to leave a comment! <a href="/posts/post-1">/posts/post-1</a></p>
