EmailType: comment_notification
UniqueID: comment-1user-1
From: Your pcom <noreply@pcom.test>
To: author@example.test
Subject: New comment in your post "Original Post"

--- TEXT ---
Hi!

@alice has left a comment in your post "Original Post".
Linked URL: https://example.com/article

> Nice post!

Checkout the comment in the post: https://pcom.test/posts/post-1#commentpost-1comment-1

--- HTML ---

	<p>Hi!</p>

	<p>@alice has left a comment in your post "Original Post".</p><p>Linked URL: <a href="https://example.com/article">https://example.com/article</a></p>

	<blockquote><p>Nice post!</p>
</blockquote>

	<p>Checkout the comment in the <a href="https://pcom.test/posts/post-1#commentpost-1comment-1">post</a>.</p>
