EmailType: post_prompt
UniqueID: prompt-1
From: Your pcom <noreply@pcom.test>
To: recipient@example.test
Subject: New prompt from alice

--- TEXT ---
Hi!

@alice has asked you to write a post on "What is your favorite hobby?"

Head to new post page to give an update! https://pcom.test/write?prompt=prompt-1

--- HTML ---

<p>Hi!</p>

<p>@alice has asked you to write a post on "What is your favorite hobby?"</p>

<p>Head to new post page to give an update! <a href="https://pcom.test/write?prompt=prompt-1">https://pcom.test/write?prompt=prompt-1</a></p>
