EmailType: comment_notification
UniqueID: comment-1user-22026-09-30T12:00:00Z
From: Your pcom <noreply@pcom.test>
To: recipient@example.test
Subject: Edited comment in the post "Original Post"

--- TEXT ---
Hi!

@alice has edited a comment in the post "Original Post" where you've also left a comment.

> Nice post, edited!

Checkout the comment in the post: /posts/post-1#commentpost-1comment-1

--- HTML ---

	<p>Hi!</p>

	<p>@alice has edited a comment in the post "Original Post" where you've also left a comment.</p>

	<blockquote><p>Nice post, edited!</p>
</blockquote>

	<p>Checkout the comment in the <a href="/posts/post-1#commentpost-1comment-1">post</a>.</p>
