EmailType: user_invitation
UniqueID: invite-1
From: Your pcom <noreply@pcom.test>
To: newuser@example.test
Subject: Welcome to pcom

--- TEXT ---

Hi!

Welcome to pcom! Please follow the link to choose a username. You will log in with a code we mail you, so there is no password to set.

https://pcom.test/invite/invite-1

--- HTML ---

<p>Hi!</p>

<p>Welcome to pcom! Please follow the link to choose a username. You will log in with a code we mail you, so there is no password to set.</p>

<a href="https://pcom.test/invite/invite-1">https://pcom.test/invite/invite-1</a>
