Usage:
  web [OPTIONS] admin <invite | login-code | registration>

Administrative tasks that talk to the database directly.

Help Options:
  -h, --help      Show this help message

Available commands:
  invite        Add invites to an account
  login-code    Issue a login code
  registration  Open or close registration
