--- source
<h2>Title here</h2><ul><li>first <code>code()</code> item</li><li>second <a href="/user/alice">@alice</a> item<ul><li>nested item</li></ul></li></ul><ol><li>one</li></ol>
--- segments
[0] "Title here"
[1] "first <span class=\"notranslate\" data-i=\"0\">code()</span> item"
[2] "second <span class=\"notranslate\" data-i=\"0\">@alice</span> item"
[3] "nested item"
[4] "one"
--- applied
<h2>TITLE HERE</h2><ul><li>FIRST <code>code()</code> ITEM</li><li>SECOND <a href="/user/alice">@alice</a> ITEM<ul><li>NESTED ITEM</li></ul></li></ul><ol><li>ONE</li></ol>
