--- source
<p>A <em>one</em> then <a href="http://a.test" rel="x">two</a> and <code>x</code> plus <strong>three</strong> at <a href="http://b.test">four</a>.</p><p>With <a href="/u/hana">@hana</a> then <img src="/i.png" alt="alt text"/> and <a href="http://l2.test">l2</a>.</p>
--- segments
[0] "A <em>one</em> then <a data-i=\"0\">two</a> and <span class=\"notranslate\" data-i=\"1\">x</span> plus <strong>three</strong> at <a data-i=\"2\">four</a>."
    "A <a data-i=\"2\">four</a> then <strong>three</strong> and <span class=\"notranslate\" data-i=\"1\">x</span> plus <a data-i=\"0\">two</a> at <em>one</em>."
[1] "With <span class=\"notranslate\" data-i=\"0\">@hana</span> then <span class=\"notranslate\" data-i=\"1\"></span> and <a data-i=\"2\">l2</a>."
    "With <a data-i=\"2\">l2</a> then <span class=\"notranslate\" data-i=\"1\"></span> and <span class=\"notranslate\" data-i=\"0\">@hana</span>."
[2] "alt text"
    "alt text"
--- applied
<p>A <a href="http://b.test">four</a> then <strong>three</strong> and <code>x</code> plus <a href="http://a.test" rel="x">two</a> at <em>one</em>.</p><p>With <a href="http://l2.test">l2</a> then <img src="/i.png" alt="alt text"/> and <a href="/u/hana">@hana</a>.</p>
